
> react-typescript-starter@0.1.0 test
> react-scripts test --coverage

Browserslist: caniuse-lite is outdated. Please run:
  npx browserslist@latest --update-db
  Why you should do it regularly: https://github.com/browserslist/browserslist#browsers-data-updating
FAIL src/components/PlayerCard.test.tsx
  ● Test suite failed to run

    Jest encountered an unexpected token

    Jest failed to parse a file. This happens e.g. when your code or its dependencies use non-standard JavaScript syntax, or when Jest is not configured to support such syntax.

    Out of the box Jest supports Babel, which will be used to transform your files into valid JS based on your Babel configuration.

    By default "node_modules" folder is ignored by transformers.

    Here's what you can do:
     • If you are trying to use ECMAScript Modules, see https://jestjs.io/docs/ecmascript-modules for how to enable it.
     • If you are trying to use TypeScript, see https://jestjs.io/docs/getting-started#using-typescript
     • To have some of your "node_modules" files transformed, you can specify a custom "transformIgnorePatterns" in your config.
     • If you need a custom transformation specify a "transform" option in your config.
     • If you simply want to mock your non-JS modules (e.g. binary assets) you can stub them out with the "moduleNameMapper" config option.

    You'll find more details and examples of these config options in the docs:
    https://jestjs.io/docs/configuration
    For information about custom transformations, see:
    https://jestjs.io/docs/code-transformation

    Details:

    /home/runner/work/CISC275ProjectGroup10/CISC275ProjectGroup10/node_modules/react-bootstrap/esm/CardHeader.js:1
    ({"Object.<anonymous>":function(module,exports,require,__dirname,__filename,jest){import classNames from 'classnames';
                                                                                      ^^^^^^

    SyntaxError: Cannot use import statement outside a module

      3 | import { Player } from "../interfaces/player";
      4 | import { Card, CardImg } from "react-bootstrap";
    > 5 | import CardHeader from "react-bootstrap/esm/CardHeader";
        | ^
      6 |
      7 | export default function PlayerCard({
      8 |     player,

      at Runtime.createScriptFromCode (node_modules/jest-runtime/build/index.js:1728:14)
      at Object.<anonymous> (src/components/PlayerCard.tsx:5:1)

FAIL src/App.test.tsx
  ● renders the course name somewhere

    TestingLibraryElementError: Unable to find an element with the text: /CISC275/i. This could be because the text is broken up by multiple elements. In this case, you can provide a function for your text matcher to make your matcher more flexible.

    Ignored nodes: comments, <script />, <style />
    [36m<body>[39m
      [36m<div>[39m
        [36m<div[39m
          [33mclass[39m=[32m"App"[39m
          [33mstyle[39m=[32m"background-image: url(soccer-landing.jpeg); background-size: cover;"[39m
        [36m>[39m
          [36m<div[39m
            [33mclass[39m=[32m" max-w-full overflow-visible sticky z-40  top-0 h-28 transition-all duration-300 bg-neutral-50 dark:bg-neutral-900"[39m
          [36m>[39m
            [36m<div[39m
              [33mclass[39m=[32m" font-bold"[39m
            [36m>[39m
              [36m<div[39m
                [33mclass[39m=[32m"flex flex-col dark:text-white"[39m
              [36m>[39m
                [36m<div[39m
                  [33mclass[39m=[32m"flex justify-between p-"[39m
                [36m>[39m
                  [36m<button[39m
                    [33mclass[39m=[32m"pl-2 hover:scale-125 duration-300"[39m
                  [36m>[39m
                    [36m<svg[39m
                      [33mclass[39m=[32m"block dark:hidden"[39m
                      [33mfill[39m=[32m"currentColor"[39m
                      [33mheight[39m=[32m"30"[39m
                      [33mid[39m=[32m"darkIcon"[39m
                      [33mstroke[39m=[32m"currentColor"[39m
                      [33mstroke-width[39m=[32m"0"[39m
                      [33mviewBox[39m=[32m"0 0 24 24"[39m
                      [33mwidth[39m=[32m"30"[39m
                      [33mxmlns[39m=[32m"http://www.w3.org/2000/svg"[39m
                    [36m>[39m
                      [36m<path[39m
                        [33md[39m=[32m"M0 0h24v24H0z"[39m
                        [33mfill[39m=[32m"none"[39m
                      [36m/>[39m
                      [36m<path[39m
                        [33md[39m=[32m"M9.37 5.51A7.35 7.35 0 009.1 7.5c0 4.08 3.32 7.4 7.4 7.4.68 0 1.35-.09 1.99-.27A7.014 7.014 0 0112 19c-3.86 0-7-3.14-7-7 0-2.93 1.81-5.45 4.37-6.49zM12 3a9 9 0 109 9c0-.46-.04-.92-.1-1.36a5.389 5.389 0 01-4.4 2.26 5.403 5.403 0 01-3.14-9.8c-.44-.06-.9-.1-1.36-.1z"[39m
                      [36m/>[39m
                    [36m</svg>[39m
                    [36m<svg[39m
                      [33mclass[39m=[32m"hidden dark:block"[39m
                      [33mfill[39m=[32m"currentColor"[39m
                      [33mheight[39m=[32m"30"[39m
                      [33mid[39m=[32m"lightIcon"[39m
                      [33mstroke[39m=[32m"currentColor"[39m
                      [33mstroke-width[39m=[32m"0"[39m
                      [33mviewBox[39m=[32m"0 0 24 24"[39m
                      [33mwidth[39m=[32m"30"[39m
                      [33mxmlns[39m=[32m"http://www.w3.org/2000/svg"[39m
                    [36m>[39m
                      [36m<path[39m
                        [33md[39m=[32m"M0 0h24v24H0z"[39m
                        [33mfill[39m=[32m"none"[39m
                      [36m/>[39m
                      [36m<path[39m
                        [33md[39m=[32m"M12 9c1.65 0 3 1.35 3 3s-1.35 3-3 3-3-1.35-3-3 1.35-3 3-3m0-2c-2.76 0-5 2.24-5 5s2.24 5 5 5 5-2.24 5-5-2.24-5-5-5zM2 13h2c.55 0 1-.45 1-1s-.45-1-1-1H2c-.55 0-1 .45-1 1s.45 1 1 1zm18 0h2c.55 0 1-.45 1-1s-.45-1-1-1h-2c-.55 0-1 .45-1 1s.45 1 1 1zM11 2v2c0 .55.45 1 1 1s1-.45 1-1V2c0-.55-.45-1-1-1s-1 .45-1 1zm0 18v2c0 .55.45 1 1 1s1-.45 1-1v-2c0-.55-.45-1-1-1s-1 .45-1 1zM5.99 4.58a.996.996 0 00-1.41 0 .996.996 0 000 1.41l1.06 1.06c.39.39 1.03.39 1.41 0s.39-1.03 0-1.41L5.99 4.58zm12.37 12.37a.996.996 0 00-1.41 0 .996.996 0 000 1.41l1.06 1.06c.39.39 1.03.39 1.41 0a.996.996 0 000-1.41l-1.06-1.06zm1.06-10.96a.996.996 0 000-1.41.996.996 0 00-1.41 0l-1.06 1.06c-.39.39-.39 1.03 0 1.41s1.03.39 1.41 0l1.06-1.06zM7.05 18.36a.996.996 0 000-1.41.996.996 0 00-1.41 0l-1.06 1.06c-.39.39-.39 1.03 0 1.41s1.03.39 1.41 0l1.06-1.06z"[39m
                      [36m/>[39m
                    [36m</svg>[39m
                  [36m</button>[39m
                  [36m<div[39m
                    [33mclass[39m=[32m""[39m
                  [36m>[39m
                    [36m<div>[39m
                      [36m<div[39m
                        [33mclass[39m=[32m"max-w-fit p-2"[39m
                      [36m>[39m
                        [36m<select[39m
                          [33mclass[39m=[32m"form-select"[39m
                          [33mid[39m=[32m"choices"[39m
                        [36m>[39m
                          [36m<option[39m
                            [33mvalue[39m=[32m"League Manager"[39m
                          [36m>[39m
                            [0mLeague Manager[0m
                          [36m</option>[39m
                          [36m<option[39m
                            [33mvalue[39m=[32m"Team Manager"[39m
                          [36m>[39m
                            [0mTeam Manager[0m
                          [36m</option>[39m
                          [36m<option[39m
                            [33mvalue[39m=[32m"Coach"[39m
                          [36m>[39m
                            [0mCoach[0m
                          [36m</option>[39m
                        [36m</select>[39m
                      [36m</div>[39m
                    [36m</div>[39m
                  [36m</div>[39m
                [36m</div>[39m
                [36m<h1[39m
                  [33mclass[39m=[32m"text-4xl text-center dark:text-white"[39m
                [36m>[39m
                  [0mSoccer Fantasy Manager[0m
                [36m</h1>[39m
              [36m</div>[39m
            [36m</div>[39m
          [36m</div>[39m
          [36m<hr />[39m
          [36m<div>[39m
            [36m<div[39m
              [33mclass[39m=[32m"container"[39m
            [36m>[39m
              [36m<div[39m
                [33mclass[39m=[32m"flex justify-center"[39m
              [36m>[39m
                [36m<div[39m
                  [33mclass[39m=[32m"m-2 p-2 justify-self-center bg-lime-400/70 dark:text-white dark:bg-lime-950/80 min-w-[364px] w-fit rounded-lg"[39m
                [36m>[39m
                  [36m<span[39m
                    [33mclass[39m=[32m"text-lg font-semibold"[39m
                  [36m>[39m
                    [0mAll Players[0m
                  [36m</span>[39m
                  [36m<div>[39m
                    [36m<button[39m
                      [33mclass[39m=[32m"bg-blue-600/80 hover:bg-blue-600/100 btn btn-primary"[39m
                      [33mtype[39m=[32m"button"[39m
                    [36m>[39m
                      [0mAdd Player[0m
                    [36m</button>[39m
                  [36m</div>[39m
                  [36m<div[39m
                    [33mclass[39m=[32m" flex m-2 p-2 justify-center max-h-[512px] overflow-scroll"[39m
                    [33mid[39m=[32m"All Players"[39m
                  [36m>[39m
                    [36m<div>[39m
                      [36m<div[39m
                        [33mclass[39m=[32m"cursor-pointer p-2 m-2 w-[300px] rounded-lg shadow-md bg-neutral-200 dark:bg-neutral-700 hover:brightness-75 transition-all duration-300"[39m
                        [33mdraggable[39m=[32m"true"[39m
                      [36m>[39m
                        [36m<div[39m
                          [33mclass[39m=[32m"container"[39m
                        [36m>[39m
                  ...

       5 | test("renders the course name somewhere", () => {
       6 |     render(<App />);
    >  7 |     const linkElement = screen.getByText(/CISC275/i);
         |                                ^
       8 |     expect(linkElement).toBeInTheDocument();
       9 | });
      10 |

      at Object.getElementError (node_modules/@testing-library/dom/dist/config.js:38:19)
      at node_modules/@testing-library/dom/dist/query-helpers.js:90:38
      at node_modules/@testing-library/dom/dist/query-helpers.js:62:17
      at getByText (node_modules/@testing-library/dom/dist/query-helpers.js:111:19)
      at Object.<anonymous> (src/App.test.tsx:7:32)
      at TestScheduler.scheduleTests (node_modules/@jest/core/build/TestScheduler.js:333:13)
      at runJest (node_modules/@jest/core/build/runJest.js:404:19)
      at _run10000 (node_modules/@jest/core/build/cli/index.js:320:7)
      at runCLI (node_modules/@jest/core/build/cli/index.js:173:3)

-------------------------|---------|----------|---------|---------|--------------------------------------
File                     | % Stmts | % Branch | % Funcs | % Lines | Uncovered Line #s                    
-------------------------|---------|----------|---------|---------|--------------------------------------
All files                |   29.14 |    24.75 |   30.26 |   29.54 |                                      
 src                     |      48 |    23.07 |   33.33 |   52.17 |                                      
  App.tsx                |      48 |    23.07 |   33.33 |   52.17 | 60-76,108-133,195                    
 src/components          |   37.03 |    33.87 |   39.21 |   37.31 |                                      
  AddPlayerButton.tsx    |      40 |      100 |   27.27 |    42.1 | 28-29,48-101,134-160                 
  Header.tsx             |   37.14 |     8.69 |   71.42 |   37.14 | 28-42,66-84                          
  Lineup.tsx             |      60 |    72.72 |      50 |      60 | 40-42,52,67-69                       
  PlayerBanner.tsx       |   37.03 |    64.28 |   27.77 |   37.03 | 31,38-90,118-125,143-151,175-184,212 
  PlayerCard.tsx         |       0 |      100 |       0 |       0 | 14                                   
  PlayerCreator.tsx      |   71.42 |       50 |     100 |   71.42 | 6,8                                  
  ThemeToggle.tsx        |   11.11 |        0 |      50 |   11.11 | 9-17                                 
  UserDropDownButton.tsx |   66.66 |      100 |   66.66 |   66.66 | 50-51                                
  WinFormula.tsx         |       0 |        0 |       0 |       0 | 17-46                                
 src/interfaces          |   18.18 |        0 |       0 |   18.18 |                                      
  field.tsx              |       0 |        0 |       0 |       0 |                                      
  itemTypes.tsx          |       0 |      100 |     100 |       0 | 1                                    
  player.tsx             |      50 |        0 |       0 |      50 | 28-32                                
  team.tsx               |       0 |      100 |       0 |       0 | 19-24                                
  user.tsx               |       0 |        0 |       0 |       0 |                                      
 src/scenes              |    1.92 |     4.54 |    6.25 |    1.92 |                                      
  MainScene.tsx          |    2.77 |     7.14 |      10 |    2.77 | 35-117                               
  PlayScene.tsx          |       0 |        0 |       0 |       0 | 31-72                                
-------------------------|---------|----------|---------|---------|--------------------------------------
Test Suites: 2 failed, 2 total
Tests:       1 failed, 1 total
Snapshots:   0 total
Time:        4.279 s
Ran all test suites.
